<?php return array (
  0 => 'Symfony\\Bundle\\FrameworkBundle\\Controller\\AbstractController',
  1 => 'App\\Controller\\ApiController',
  2 => 'App\\Controller\\DatatablesController',
  3 => 'App\\Controller\\Etudiant\\CentreDappelController',
  4 => 'App\\Controller\\Etudiant\\EtudiantController',
  5 => 'App\\Controller\\Etudiant\\RechercheAvanceController',
  6 => 'App\\Controller\\Facture\\BordereauController',
  7 => 'App\\Controller\\Facture\\GestionFactureController',
  8 => 'App\\Controller\\Facture\\GestionReglementsController',
  9 => 'App\\Controller\\IndexController',
  10 => 'App\\Controller\\Inscription\\GestionInscriptionController',
  11 => 'App\\Controller\\Parametre\\AcademieController',
  12 => 'App\\Controller\\Parametre\\AnneeController',
  13 => 'App\\Controller\\Parametre\\BanqueController',
  14 => 'App\\Controller\\Parametre\\ChambreController',
  15 => 'App\\Controller\\Parametre\\DepartementController',
  16 => 'App\\Controller\\Parametre\\ElementController',
  17 => 'App\\Controller\\Parametre\\EnseignantController',
  18 => 'App\\Controller\\Parametre\\EnseignantExceptController',
  19 => 'App\\Controller\\Parametre\\EtageController',
  20 => 'App\\Controller\\Parametre\\FiliereController',
  21 => 'App\\Controller\\Parametre\\FraisController',
  22 => 'App\\Controller\\Parametre\\LanguesController',
  23 => 'App\\Controller\\Parametre\\ModalitesController',
  24 => 'App\\Controller\\Parametre\\ModuleController',
  25 => 'App\\Controller\\Parametre\\ProgrammationController',
  26 => 'App\\Controller\\Parametre\\SallesController',
  27 => 'App\\Controller\\Parametre\\SemainesController',
  28 => 'App\\Controller\\Parametre\\SemestreController',
  29 => 'App\\Controller\\Parametre\\SerieBacController',
  30 => 'App\\Controller\\Parametre\\SynchronisationController',
  31 => 'App\\Controller\\Parametre\\TypeBacController',
  32 => 'App\\Controller\\Parametre\\UserController',
  33 => 'App\\Controller\\SecurityController',
  34 => 'App\\Controller\\UserController',
  35 => 'App\\Entity\\AcAnnee',
  36 => 'App\\Entity\\AcDepartement',
  37 => 'App\\Entity\\AcEtablissement',
  38 => 'App\\Entity\\AcFormation',
  39 => 'App\\Entity\\AcPromotion',
  40 => 'App\\Entity\\AcSemestre',
  41 => 'App\\Entity\\Grille',
  42 => 'App\\Entity\\Mouchard',
  43 => 'App\\Entity\\NatureDemande',
  44 => 'App\\Entity\\PBatiments',
  45 => 'App\\Entity\\PEtages',
  46 => 'App\\Entity\\PFrais',
  47 => 'App\\Entity\\POrganisme',
  48 => 'App\\Entity\\PSituation',
  49 => 'App\\Entity\\PStatut',
  50 => 'App\\Entity\\Pec',
  51 => 'App\\Entity\\StatutChambre',
  52 => 'App\\Entity\\TAdmission',
  53 => 'App\\Entity\\TBrdpaiement',
  54 => 'App\\Entity\\TChambre',
  55 => 'App\\Entity\\TEtudiant',
  56 => 'App\\Entity\\TInscription',
  57 => 'App\\Entity\\TOperationcab',
  58 => 'App\\Entity\\TOperationdet',
  59 => 'App\\Entity\\TPreinscription',
  60 => 'App\\Entity\\TReglement',
  61 => 'App\\Entity\\TypeChambre',
  62 => 'App\\Entity\\UsModule',
  63 => 'App\\Entity\\UsOperation',
  64 => 'App\\Entity\\UsSousModule',
  65 => 'App\\Entity\\User',
  66 => 'App\\Entity\\XBanque',
  67 => 'App\\Entity\\XModalites',
  68 => 'App\\Entity\\nuts',
  69 => 'Doctrine\\Bundle\\DoctrineBundle\\Controller\\ProfilerController',
  70 => 'Doctrine\\ORM\\Cache\\Persister\\Entity\\AbstractEntityPersister',
  71 => 'Doctrine\\ORM\\Cache\\Persister\\Entity\\CachedEntityPersister',
  72 => 'Doctrine\\ORM\\Cache\\Persister\\Entity\\NonStrictReadWriteCachedEntityPersister',
  73 => 'Doctrine\\ORM\\Cache\\Persister\\Entity\\ReadOnlyCachedEntityPersister',
  74 => 'Doctrine\\ORM\\Cache\\Persister\\Entity\\ReadWriteCachedEntityPersister',
  75 => 'Doctrine\\ORM\\Persisters\\Entity\\AbstractEntityInheritancePersister',
  76 => 'Doctrine\\ORM\\Persisters\\Entity\\BasicEntityPersister',
  77 => 'Doctrine\\ORM\\Persisters\\Entity\\CachedPersisterContext',
  78 => 'Doctrine\\ORM\\Persisters\\Entity\\EntityPersister',
  79 => 'Doctrine\\ORM\\Persisters\\Entity\\JoinedSubclassPersister',
  80 => 'Doctrine\\ORM\\Persisters\\Entity\\SingleTablePersister',
  82 => 'Symfony\\Bundle\\FrameworkBundle\\Controller\\ControllerResolver',
  83 => 'Symfony\\Bundle\\FrameworkBundle\\Controller\\RedirectController',
  84 => 'Symfony\\Bundle\\FrameworkBundle\\Controller\\TemplateController',
  85 => 'Symfony\\Bundle\\WebProfilerBundle\\Controller\\ExceptionPanelController',
  86 => 'Symfony\\Bundle\\WebProfilerBundle\\Controller\\ProfilerController',
  87 => 'Symfony\\Bundle\\WebProfilerBundle\\Controller\\RouterController',
  88 => 'Symfony\\Component\\HttpKernel\\Controller\\ArgumentResolver',
  89 => 'Symfony\\Component\\HttpKernel\\Controller\\ArgumentResolverInterface',
  90 => 'Symfony\\Component\\HttpKernel\\Controller\\ArgumentResolver\\BackedEnumValueResolver',
  91 => 'Symfony\\Component\\HttpKernel\\Controller\\ArgumentResolver\\DateTimeValueResolver',
  92 => 'Symfony\\Component\\HttpKernel\\Controller\\ArgumentResolver\\DefaultValueResolver',
  93 => 'Symfony\\Component\\HttpKernel\\Controller\\ArgumentResolver\\NotTaggedControllerValueResolver',
  94 => 'Symfony\\Component\\HttpKernel\\Controller\\ArgumentResolver\\RequestAttributeValueResolver',
  95 => 'Symfony\\Component\\HttpKernel\\Controller\\ArgumentResolver\\RequestValueResolver',
  96 => 'Symfony\\Component\\HttpKernel\\Controller\\ArgumentResolver\\ServiceValueResolver',
  97 => 'Symfony\\Component\\HttpKernel\\Controller\\ArgumentResolver\\SessionValueResolver',
  98 => 'Symfony\\Component\\HttpKernel\\Controller\\ArgumentResolver\\TraceableValueResolver',
  99 => 'Symfony\\Component\\HttpKernel\\Controller\\ArgumentResolver\\UidValueResolver',
  100 => 'Symfony\\Component\\HttpKernel\\Controller\\ArgumentResolver\\VariadicValueResolver',
  101 => 'Symfony\\Component\\HttpKernel\\Controller\\ArgumentValueResolverInterface',
  102 => 'Symfony\\Component\\HttpKernel\\Controller\\ContainerControllerResolver',
  103 => 'Symfony\\Component\\HttpKernel\\Controller\\ControllerReference',
  104 => 'Symfony\\Component\\HttpKernel\\Controller\\ControllerResolver',
  105 => 'Symfony\\Component\\HttpKernel\\Controller\\ControllerResolverInterface',
  106 => 'Symfony\\Component\\HttpKernel\\Controller\\ErrorController',
  107 => 'Symfony\\Component\\HttpKernel\\Controller\\TraceableArgumentResolver',
  108 => 'Symfony\\Component\\HttpKernel\\Controller\\TraceableControllerResolver',
  109 => 'Symfony\\Component\\Security\\Http\\Controller\\UserValueResolver',
);